[2026/07/27 周一 19:01:44.54] Preview keeper started, watching Flask plus ngrok 
[2026/07/27 周一 19:01:46.39] Flask down, starting 
[2026/07/27 周一 19:02:23.18] ngrok down, starting domain joyride-morphing-senior.ngrok-free.dev 
[2026/07/27 周一 19:06:43.29] Preview keeper started, watching Flask plus ngrok 
[2026/07/27 周一 20:28:03.18] Flask down, starting 
[2026/07/27 周一 20:28:38.14] Flask down, starting 
[2026/07/27 周一 20:29:13.13] Flask down, starting 
[2026/07/27 周一 20:29:48.21] Flask down, starting 
[2026/07/27 周一 20:30:23.20] Flask down, starting 
[2026/07/27 周一 20:30:58.18] Flask down, starting 
[2026/07/27 周一 20:31:33.16] Flask down, starting 
[2026/07/27 周一 20:32:08.17] Flask down, starting 
[2026/07/27 周一 20:32:43.19] Flask down, starting 
[2026/07/27 周一 20:33:18.19] Flask down, starting 
[2026/07/27 周一 20:33:53.19] Flask down, starting 
[2026/07/27 周一 20:34:28.21] Flask down, starting 
[2026/07/27 周一 20:35:03.20] Flask down, starting 
[2026/07/27 周一 20:35:38.18] Flask down, starting 
[2026/07/27 周一 20:36:13.18] Flask down, starting 
[2026/07/27 周一 20:36:48.18] Flask down, starting 
[2026/07/27 周一 20:37:23.16] Flask down, starting 
[2026/07/27 周一 20:37:58.13] Flask down, starting 
[2026/07/27 周一 20:38:33.15] Flask down, starting 
[2026/07/27 周一 20:39:08.15] Flask down, starting 
[2026/07/27 周一 20:39:43.13] Flask down, starting 
[2026/07/27 周一 20:40:18.12] Flask down, starting 
[2026/07/27 周一 20:40:53.21] Flask down, starting 
[2026/07/27 周一 20:41:28.19] Flask down, starting 
[2026/07/27 周一 20:42:03.20] Flask down, starting 
[2026/07/27 周一 20:42:38.20] Flask down, starting 
[2026/07/27 周一 20:43:13.13] Flask down, starting 
[2026/07/27 周一 20:43:48.13] Flask down, starting 
[2026/07/27 周一 20:44:23.13] Flask down, starting 
[2026/07/27 周一 20:44:58.21] Flask down, starting 
[2026/07/27 周一 20:45:33.22] Flask down, starting 
[2026/07/27 周一 20:46:08.21] Flask down, starting 
[2026/07/27 周一 20:46:43.20] Flask down, starting 
[2026/07/27 周一 20:47:18.18] Flask down, starting 
[2026/07/27 周一 20:47:53.17] Flask down, starting 
[2026/07/27 周一 20:48:28.16] Flask down, starting 
[2026/07/27 周一 20:49:03.20] Flask down, starting 
[2026/07/27 周一 20:49:38.20] Flask down, starting 
[2026/07/27 周一 20:50:13.21] Flask down, starting 
[2026/07/27 周一 20:50:48.12] Flask down, starting 
[2026/07/27 周一 20:51:23.13] Flask down, starting 
[2026/07/27 周一 20:51:58.15] Flask down, starting 
[2026/07/27 周一 20:52:33.16] Flask down, starting 
[2026/07/27 周一 20:53:08.17] Flask down, starting 
[2026/07/27 周一 20:53:43.19] Flask down, starting 
[2026/07/27 周一 20:54:18.18] Flask down, starting 
[2026/07/27 周一 20:54:53.17] Flask down, starting 
[2026/07/27 周一 20:55:28.15] Flask down, starting 
[2026/07/27 周一 20:56:03.13] Flask down, starting 
[2026/07/27 周一 20:56:38.13] Flask down, starting 
[2026/07/27 周一 20:57:13.12] Flask down, starting 
[2026/07/27 周一 20:57:48.18] Flask down, starting 
[2026/07/27 周一 20:58:23.13] Flask down, starting 
[2026/07/27 周一 20:58:58.17] Flask down, starting 
[2026/07/27 周一 20:59:33.13] Flask down, starting 
[2026/07/27 周一 21:00:08.19] Flask down, starting 
[2026/07/27 周一 21:00:43.15] Flask down, starting 
[2026/07/27 周一 21:01:18.19] Flask down, starting 
[2026/07/27 周一 21:01:53.13] Flask down, starting 
[2026/07/27 周一 21:02:28.16] Flask down, starting 
[2026/07/27 周一 21:03:03.21] Flask down, starting 
[2026/07/27 周一 21:03:38.20] Flask down, starting 
[2026/07/27 周一 21:04:13.19] Flask down, starting 
[2026/07/27 周一 21:04:48.14] Flask down, starting 
[2026/07/27 周一 21:05:23.70] Flask down, starting 
[2026/07/27 周一 21:05:59.61] Flask down, starting 
[2026/07/27 周一 22:04:33.08] Preview keeper started, watching Flask plus ngrok 
[2026/07/27 周一 22:04:34.78] Flask down, starting 
[2026/07/27 周一 22:04:57.21] ngrok down, starting domain joyride-morphing-senior.ngrok-free.dev 
[2026/07/27 周一 23:09:23.44] Preview keeper started, watching Flask plus ngrok 
[2026/07/27 周一 23:59:36.94] Preview keeper started, watching Flask plus ngrok 
[2026/07/27 周一 23:59:38.37] Flask down, starting 
[2026/07/28 周二  0:00:49.27] ngrok down, starting domain joyride-morphing-senior.ngrok-free.dev 
[2026/07/28 周二  0:06:40.45] Preview keeper started, watching Flask plus ngrok 
[2026/07/28 周二 12:44:58.16] Preview keeper started, watching Flask plus ngrok 
[2026/07/28 周二 12:45:01.49] Flask down, starting 
[2026/07/28 周二 12:45:30.24] ngrok down, starting domain joyride-morphing-senior.ngrok-free.dev 
[2026/07/28 周二 12:45:57.17] Preview keeper started, watching Flask plus ngrok 
[2026/07/28 周二 14:42:58.48] Preview keeper started, watching Flask plus ngrok 
[2026/07/28 周二 14:43:06.07] Flask down, starting 
[2026/07/28 周二 14:43:19.87] Preview keeper started, watching Flask plus ngrok 
[2026/07/28 周二 14:43:19.90] Flask down, starting 
[2026/07/28 周二 14:43:32.13] ngrok down, starting domain joyride-morphing-senior.ngrok-free.dev 
[2026/07/28 周二 14:43:32.20] ngrok down, starting domain joyride-morphing-senior.ngrok-free.dev 
[2026/08/01 周六 14:04:32.59] Preview keeper started, watching Flask plus ngrok 
[2026/08/01 周六 14:04:34.89] Flask down, starting 
[2026/08/01 周六 14:04:52.54] Preview keeper started, watching Flask plus ngrok 
[2026/08/01 周六 14:05:12.18] ngrok down, starting domain joyride-morphing-senior.ngrok-free.dev 
[2026/08/05 周三 10:16:10.71] Preview keeper started, watching Flask plus ngrok 
[2026/08/05 周三 10:16:11.14] Flask down, starting 
[2026/08/05 周三 10:16:43.75] Preview keeper started, watching Flask plus ngrok 
[2026/08/05 周三 10:16:48.19] ngrok down, starting domain joyride-morphing-senior.ngrok-free.dev 
[2026/08/07 周五  9:49:24.39] Preview keeper started, watching Flask plus ngrok 
[2026/08/07 周五  9:49:27.83] Flask down, starting 
[2026/08/07 周五  9:49:58.26] ngrok down, starting domain joyride-morphing-senior.ngrok-free.dev 
[2026/08/07 周五  9:51:07.72] Preview keeper started, watching Flask plus ngrok 
[2026/08/08 周六 14:55:02.93] Preview keeper started, watching Flask plus ngrok 
[2026/08/08 周六 14:55:05.36] Flask down, starting 
[2026/08/08 周六 14:55:24.29] Preview keeper started, watching Flask plus ngrok 
[2026/08/08 周六 14:55:24.34] Flask down, starting 
[2026/08/08 周六 14:55:31.19] ngrok down, starting domain joyride-morphing-senior.ngrok-free.dev 
[2026/08/09 周日 20:17:26.08] Preview keeper started, watching Flask plus ngrok 
[2026/08/09 周日 20:17:27.28] Flask down, starting 
[2026/08/09 周日 20:17:58.22] ngrok down, starting (random domain
[2026/08/09 周日 20:19:25.54] Preview keeper started, watching Flask plus ngrok 
[2026/08/10 周一  2:39:33.90] Preview keeper started, watching Flask plus ngrok 
[2026/08/10 周一  3:16:21.49] Preview keeper started, watching Flask plus ngrok 
[2026/08/10 周一  3:16:25.76] Flask down, starting 
[2026/08/10 周一  3:16:46.26] ngrok down, starting (fixed domain container-resupply-sitcom.ngrok-free.dev
[2026/08/10 周一  3:17:38.98] Preview keeper started, watching Flask plus ngrok 
[2026/08/11 周二 13:36:36.53] Preview keeper started, watching Flask plus ngrok 
[2026/08/11 周二 13:36:36.94] Flask down, starting 
[2026/08/11 周二 13:37:02.38] Preview keeper started, watching Flask plus ngrok 
[2026/08/11 周二 13:37:02.49] ngrok down, starting (fixed domain container-resupply-sitcom.ngrok-free.dev
[2026/08/11 周二 13:37:44.20] ngrok down, starting (fixed domain container-resupply-sitcom.ngrok-free.dev
[2026/08/11 周二 13:37:49.20] ngrok down, starting (fixed domain container-resupply-sitcom.ngrok-free.dev
[2026/08/15 周六 17:04:54.58] Preview keeper started, watching Flask plus ngrok 
[2026/08/15 周六 17:04:55.70] Flask down, starting 
[2026/08/15 周六 17:05:24.16] ngrok down, starting (fixed domain container-resupply-sitcom.ngrok-free.dev
[2026/08/15 周六 17:05:32.50] Preview keeper started, watching Flask plus ngrok 
[2026/08/17 周一 17:24:36.96] Preview keeper started, watching Flask plus ngrok 
[2026/08/17 周一 17:24:37.08] Flask down, starting 
[2026/08/17 周一 17:25:03.02] Preview keeper started, watching Flask plus ngrok 
[2026/08/17 周一 17:25:03.10] ngrok down, starting (fixed domain container-resupply-sitcom.ngrok-free.dev
[2026/08/17 周一 17:25:10.21] ngrok down, starting (fixed domain container-resupply-sitcom.ngrok-free.dev
[2026/08/21 周五 16:44:05.06] Preview keeper started, watching Flask plus ngrok 
[2026/08/21 周五 16:44:05.50] Flask down, starting 
[2026/08/21 周五 16:44:31.38] Preview keeper started, watching Flask plus ngrok 
[2026/08/21 周五 16:44:31.46] ngrok down, starting (fixed domain container-resupply-sitcom.ngrok-free.dev
[2026/08/21 周五 16:44:33.22] ngrok down, starting (fixed domain container-resupply-sitcom.ngrok-free.dev
